#-----------------------------------------------------------
# Vivado v2023.2 (64-bit)
# SW Build 4029153 on Fri Oct 13 20:13:54 MDT 2023
# IP Build 4028589 on Sat Oct 14 00:45:43 MDT 2023
# SharedData Build 4025554 on Tue Oct 10 17:18:54 MDT 2023
# Start of session at: Mon Apr 14 17:01:24 2025
# Process ID: 376036
# Current directory: /home/04-comp-arch-m/Downloads/ComputerArchitecture/lab3/hdl
# Command line: vivado
# Log file: /home/04-comp-arch-m/Downloads/ComputerArchitecture/lab3/hdl/vivado.log
# Journal file: /home/04-comp-arch-m/Downloads/ComputerArchitecture/lab3/hdl/vivado.jou
# Running On: ceat-endv350-04L, OS: Linux, CPU Frequency: 4460.393 MHz, CPU Physical cores: 14, Host memory: 16437 MB
#-----------------------------------------------------------
start_gui
WARNING: [Board 49-26] cannot add Board Part xilinx.com:vek280_es:part0:1.0 available at /opt/Xilinx/Vivado/2023.2/data/xhub/boards/XilinxBoardStore/boards/Xilinx/vek280/es/rev_a/1.0/board.xml as part xcve2802-vsvh1760-2lp-e-s-es1 specified in board_part file is either invalid or not available
WARNING: [Board 49-26] cannot add Board Part xilinx.com:vek280_es:part0:1.1 available at /opt/Xilinx/Vivado/2023.2/data/xhub/boards/XilinxBoardStore/boards/Xilinx/vek280/es/rev_a/1.1/board.xml as part xcve2802-vsvh1760-2lp-e-s-es1 specified in board_part file is either invalid or not available
WARNING: [Board 49-26] cannot add Board Part xilinx.com:vek280_es_revb:part0:1.0 available at /opt/Xilinx/Vivado/2023.2/data/xhub/boards/XilinxBoardStore/boards/Xilinx/vek280/es/rev_b/1.0/board.xml as part xcve2802-vsvh1760-2mp-e-s-es1 specified in board_part file is either invalid or not available
WARNING: [Board 49-26] cannot add Board Part xilinx.com:vek280_es_revb:part0:1.1 available at /opt/Xilinx/Vivado/2023.2/data/xhub/boards/XilinxBoardStore/boards/Xilinx/vek280/es/rev_b/1.1/board.xml as part xcve2802-vsvh1760-2mp-e-s-es1 specified in board_part file is either invalid or not available
WARNING: [Board 49-26] cannot add Board Part xilinx.com:vhk158_es:part0:1.0 available at /opt/Xilinx/Vivado/2023.2/data/xhub/boards/XilinxBoardStore/boards/Xilinx/vhk158/es/1.0/board.xml as part xcvh1582-vsva3697-2mp-e-s-es1 specified in board_part file is either invalid or not available
WARNING: [Board 49-26] cannot add Board Part xilinx.com:vhk158_es:part0:1.1 available at /opt/Xilinx/Vivado/2023.2/data/xhub/boards/XilinxBoardStore/boards/Xilinx/vhk158/es/1.1/board.xml as part xcvh1582-vsva3697-2mp-e-s-es1 specified in board_part file is either invalid or not available
WARNING: [Board 49-26] cannot add Board Part xilinx.com:zcu208ld:part0:2.0 available at /opt/Xilinx/Vivado/2023.2/data/xhub/boards/XilinxBoardStore/boards/Xilinx/zcu208ld/production/2.0/board.xml as part xczu58dr-fsvg1517-2-i specified in board_part file is either invalid or not available
WARNING: [Board 49-26] cannot add Board Part xilinx.com:zcu216ld:part0:2.0 available at /opt/Xilinx/Vivado/2023.2/data/xhub/boards/XilinxBoardStore/boards/Xilinx/zcu216ld/production/2.0/board.xml as part xczu59dr-ffvf1760-2-i specified in board_part file is either invalid or not available
WARNING: [Board 49-26] cannot add Board Part xilinx.com:zcu670:part0:2.0 available at /opt/Xilinx/Vivado/2023.2/data/xhub/boards/XilinxBoardStore/boards/Xilinx/zcu670/2.0/board.xml as part xczu67dr-fsve1156-2-i specified in board_part file is either invalid or not available
WARNING: [Board 49-26] cannot add Board Part xilinx.com:zcu670ld:part0:1.0 available at /opt/Xilinx/Vivado/2023.2/data/xhub/boards/XilinxBoardStore/boards/Xilinx/zcu670ld/1.0/board.xml as part xczu57dr-fsve1156-2-i specified in board_part file is either invalid or not available
open_project {/home/04-comp-arch-m/Downloads/ComputerArchitecture/lab3/lab2 but 3/lab2.xpr}
INFO: [Project 1-313] Project file moved from '/home/04-comp-arch-m/Downloads/ComputerArchitecture/lab2/lab2' since last save.
CRITICAL WARNING: [Project 1-311] Could not find the file '/home/04-comp-arch-m/Downloads/ComputerArchitecture/lab3/lab2 but 3/src/riscv_single.sv', nor could it be found using path '/home/04-comp-arch-m/Downloads/ComputerArchitecture/lab2/lab2/src/riscv_single.sv'.
CRITICAL WARNING: [Project 1-311] Could not find the file '/home/04-comp-arch-m/Downloads/ComputerArchitecture/lab3/lab2 but 3/lab2.srcs/sources_1/imports/Desktop/top.v', nor could it be found using path '/home/04-comp-arch-m/Downloads/ComputerArchitecture/lab2/lab2/lab2.srcs/sources_1/imports/Desktop/top.v'.
CRITICAL WARNING: [Project 1-311] Could not find the file '/home/04-comp-arch-m/Downloads/ComputerArchitecture/lab3/lab2 but 3/lab2.srcs/sources_1/imports/Desktop/imem.v', nor could it be found using path '/home/04-comp-arch-m/Downloads/ComputerArchitecture/lab2/lab2/lab2.srcs/sources_1/imports/Desktop/imem.v'.
CRITICAL WARNING: [Project 1-311] Could not find the file '/home/04-comp-arch-m/Downloads/ComputerArchitecture/lab3/lab2 but 3/lab2.srcs/sources_1/imports/Desktop/memcontroller.v', nor could it be found using path '/home/04-comp-arch-m/Downloads/ComputerArchitecture/lab2/lab2/lab2.srcs/sources_1/imports/Desktop/memcontroller.v'.
Scanning sources...
Finished scanning sources
INFO: [IP_Flow 19-234] Refreshing IP repositories
INFO: [IP_Flow 19-1700] Loaded user IP repository '/home/04-comp-arch-m/Downloads/ComputerArchitecture/lab3/lab2 but 3/lab2.ipdefs/ip_repo_BAK_0_0_0'.
INFO: [IP_Flow 19-2313] Loaded Vivado IP repository '/opt/Xilinx/Vivado/2023.2/data/ip'.
WARNING: [BD 41-1661] One or more IPs have been locked in the design 'design_1.bd'. Please run report_ip_status for more details and recommendations on how to fix this issue.
List of locked IPs:
design_1_axi_smc_0
design_1_rst_ps7_0_50M_0

INFO: [IP_Flow 19-5107] Inferred bus interface 'reset' of definition 'xilinx.com:signal:reset:1.0' (from Xilinx Repository).
INFO: [IP_Flow 19-5107] Inferred bus interface 'clk' of definition 'xilinx.com:signal:clock:1.0' (from Xilinx Repository).
INFO: [IP_Flow 19-4728] Bus Interface 'clk': Added interface parameter 'ASSOCIATED_RESET' with value 'reset'.
WARNING: [IP_Flow 19-5661] Bus Interface 'clk' does not have any bus interfaces associated with it.
WARNING: [IP_Flow 19-11770] Clock interface 'clk' has no FREQ_HZ parameter.
update_compile_order -fileset sources_1
open_hw_manager
connect_hw_server -allow_non_jtag
INFO: [Labtools 27-2285] Connecting to hw_server url TCP:localhost:3121
INFO: [Labtools 27-2222] Launching hw_server...
INFO: [Labtools 27-2221] Launch Output:

****** Xilinx hw_server v2023.2
  **** Build date : Oct 13 2023 at 20:26:23
    ** Copyright 1986-2022 Xilinx, Inc. All Rights Reserved.


INFO: [Labtools 27-3415] Connecting to cs_server url TCP:localhost:0
INFO: [Labtools 27-3417] Launching cs_server...
INFO: [Labtools 27-2221] Launch Output:


******** Xilinx cs_server v2023.2.0
  ****** Build date   : Oct 09 2023-23:01:56
    **** Build number : 2023.2.1696910516
      ** Copyright 2017-2022 Xilinx, Inc. All Rights Reserved.
      ** Copyright 2022-2025 Advanced Micro Devices, Inc. All Rights Reserved.



disconnect_hw_server localhost:3121
connect_hw_server -allow_non_jtag
INFO: [Labtools 27-2285] Connecting to hw_server url TCP:localhost:3121
INFO: [Labtools 27-3415] Connecting to cs_server url TCP:localhost:0
INFO: [Labtools 27-3417] Launching cs_server...
INFO: [Labtools 27-2221] Launch Output:


******** Xilinx cs_server v2023.2.0
  ****** Build date   : Oct 09 2023-23:01:56
    **** Build number : 2023.2.1696910516
      ** Copyright 2017-2022 Xilinx, Inc. All Rights Reserved.
      ** Copyright 2022-2025 Advanced Micro Devices, Inc. All Rights Reserved.



pwd
/home/04-comp-arch-m/Downloads/ComputerArchitecture/lab3/hdl
cd ..
cd ..
cd ..
pwd
/home/04-comp-arch-m/Downloads
cd ..
cd Desktop
pwd
/home/04-comp-arch-m/Desktop
source setup.tcl
# import_files -norecurse riscv_pipelined.sv
# update_compile_order -fileset sources_1
# reset_run synth_1
# launch_runs impl_1 -to_step write_bitstream -jobs 5
[Mon Apr 14 17:15:06 2025] Launched synth_1...
Run output will be captured here: /home/04-comp-arch-m/Downloads/ComputerArchitecture/lab3/lab2 but 3/lab2.runs/synth_1/runme.log
[Mon Apr 14 17:15:06 2025] Launched impl_1...
Run output will be captured here: /home/04-comp-arch-m/Downloads/ComputerArchitecture/lab3/lab2 but 3/lab2.runs/impl_1/runme.log
reset_run synth_1
disconnect_hw_server localhost:3121
connect_hw_server -allow_non_jtag
INFO: [Labtools 27-2285] Connecting to hw_server url TCP:localhost:3121
INFO: [Labtools 27-3415] Connecting to cs_server url TCP:localhost:0
INFO: [Labtools 27-3417] Launching cs_server...
INFO: [Labtools 27-2221] Launch Output:


******** Xilinx cs_server v2023.2.0
  ****** Build date   : Oct 09 2023-23:01:56
    **** Build number : 2023.2.1696910516
      ** Copyright 2017-2022 Xilinx, Inc. All Rights Reserved.
      ** Copyright 2022-2025 Advanced Micro Devices, Inc. All Rights Reserved.



open_bd_design {/home/04-comp-arch-m/Downloads/ComputerArchitecture/lab3/lab2 but 3/lab2.srcs/sources_1/bd/design_1/design_1.bd}
Reading block design file </home/04-comp-arch-m/Downloads/ComputerArchitecture/lab3/lab2 but 3/lab2.srcs/sources_1/bd/design_1/design_1.bd>...
Adding component instance block -- xilinx.com:ip:processing_system7:5.5 - processing_system7_0
Adding component instance block -- okstate.edu:user:AXI_Converter:1.1 - AXI_Converter_0
Adding component instance block -- xilinx.com:ip:proc_sys_reset:5.0 - rst_ps7_0_50M
Adding component instance block -- xilinx.com:ip:smartconnect:1.0 - axi_smc
Adding component instance block -- xilinx.com:module_ref:top:1.0 - top_0
Successfully read diagram <design_1> from block design file </home/04-comp-arch-m/Downloads/ComputerArchitecture/lab3/lab2 but 3/lab2.srcs/sources_1/bd/design_1/design_1.bd>
source setup.tcl
# import_files -norecurse riscv_pipelined.sv
WARNING: [filemgmt 20-354] The following file(s) were not imported. Local copy of file(s) already exists:
/home/04-comp-arch-m/Desktop/riscv_pipelined.sv
Hint: use the '-force' option to overwrite the local copies.
# update_compile_order -fileset sources_1
# reset_run synth_1
# launch_runs impl_1 -to_step write_bitstream -jobs 5
[Mon Apr 14 17:24:19 2025] Launched synth_1...
Run output will be captured here: /home/04-comp-arch-m/Downloads/ComputerArchitecture/lab3/lab2 but 3/lab2.runs/synth_1/runme.log
[Mon Apr 14 17:24:19 2025] Launched impl_1...
Run output will be captured here: /home/04-comp-arch-m/Downloads/ComputerArchitecture/lab3/lab2 but 3/lab2.runs/impl_1/runme.log
source setup.tcl
# import_files -norecurse riscv_pipelined.sv
WARNING: [filemgmt 20-354] The following file(s) were not imported. Local copy of file(s) already exists:
/home/04-comp-arch-m/Desktop/riscv_pipelined.sv
Hint: use the '-force' option to overwrite the local copies.
# update_compile_order -fileset sources_1
# reset_run synth_1
# launch_runs impl_1 -to_step write_bitstream -jobs 5
[Mon Apr 14 17:26:00 2025] Launched synth_1...
Run output will be captured here: /home/04-comp-arch-m/Downloads/ComputerArchitecture/lab3/lab2 but 3/lab2.runs/synth_1/runme.log
[Mon Apr 14 17:26:00 2025] Launched impl_1...
Run output will be captured here: /home/04-comp-arch-m/Downloads/ComputerArchitecture/lab3/lab2 but 3/lab2.runs/impl_1/runme.log
disconnect_hw_server localhost:3121
connect_hw_server -allow_non_jtag
INFO: [Labtools 27-2285] Connecting to hw_server url TCP:localhost:3121
INFO: [Labtools 27-3415] Connecting to cs_server url TCP:localhost:0
INFO: [Labtools 27-3417] Launching cs_server...
INFO: [Labtools 27-2221] Launch Output:


******** Xilinx cs_server v2023.2.0
  ****** Build date   : Oct 09 2023-23:01:56
    **** Build number : 2023.2.1696910516
      ** Copyright 2017-2022 Xilinx, Inc. All Rights Reserved.
      ** Copyright 2022-2025 Advanced Micro Devices, Inc. All Rights Reserved.



WARNING: [filemgmt 56-199] Attempt to get parsing info during refresh. "On-the-fly" syntax checking information may be incorrect. [/home/04-comp-arch-m/Downloads/ComputerArchitecture/lab3/lab2 but 3/lab2.srcs/sources_1/imports/Desktop/riscv_pipelined.sv:]
WARNING: [filemgmt 56-199] Attempt to get parsing info during refresh. "On-the-fly" syntax checking information may be incorrect. [/home/04-comp-arch-m/Downloads/ComputerArchitecture/lab3/lab2 but 3/src/top.v:]
CRITICAL WARNING: [HDL 9-1206] Syntax error near ')' [/home/04-comp-arch-m/Downloads/ComputerArchitecture/lab3/lab2 but 3/lab2.srcs/sources_1/imports/Desktop/riscv_pipelined.sv:174]
CRITICAL WARNING: [HDL 9-1206] Syntax error near ')' [/home/04-comp-arch-m/Downloads/ComputerArchitecture/lab3/lab2 but 3/lab2.srcs/sources_1/imports/Desktop/riscv_pipelined.sv:174]
CRITICAL WARNING: [HDL 9-1206] Syntax error near ')' [/home/04-comp-arch-m/Downloads/ComputerArchitecture/lab3/lab2 but 3/lab2.srcs/sources_1/imports/Desktop/riscv_pipelined.sv:174]
CRITICAL WARNING: [HDL 9-1206] Syntax error near ')' [/home/04-comp-arch-m/Downloads/ComputerArchitecture/lab3/lab2 but 3/lab2.srcs/sources_1/imports/Desktop/riscv_pipelined.sv:174]
WARNING: [filemgmt 56-199] Attempt to get parsing info during refresh. "On-the-fly" syntax checking information may be incorrect. [/home/04-comp-arch-m/Downloads/ComputerArchitecture/lab3/lab2 but 3/lab2.srcs/sources_1/imports/Desktop/riscv_pipelined.sv:]
WARNING: [filemgmt 56-199] Attempt to get parsing info during refresh. "On-the-fly" syntax checking information may be incorrect. [/home/04-comp-arch-m/Downloads/ComputerArchitecture/lab3/lab2 but 3/src/top.v:]
CRITICAL WARNING: [HDL 9-1206] Syntax error near ')' [/home/04-comp-arch-m/Downloads/ComputerArchitecture/lab3/lab2 but 3/lab2.srcs/sources_1/imports/Desktop/riscv_pipelined.sv:174]
CRITICAL WARNING: [HDL 9-1206] Syntax error near ')' [/home/04-comp-arch-m/Downloads/ComputerArchitecture/lab3/lab2 but 3/lab2.srcs/sources_1/imports/Desktop/riscv_pipelined.sv:174]
CRITICAL WARNING: [HDL 9-1206] Syntax error near ')' [/home/04-comp-arch-m/Downloads/ComputerArchitecture/lab3/lab2 but 3/lab2.srcs/sources_1/imports/Desktop/riscv_pipelined.sv:174]
CRITICAL WARNING: [HDL 9-1206] Syntax error near ')' [/home/04-comp-arch-m/Downloads/ComputerArchitecture/lab3/lab2 but 3/lab2.srcs/sources_1/imports/Desktop/riscv_pipelined.sv:174]
WARNING: [filemgmt 56-199] Attempt to get parsing info during refresh. "On-the-fly" syntax checking information may be incorrect. [/home/04-comp-arch-m/Downloads/ComputerArchitecture/lab3/lab2 but 3/lab2.srcs/sources_1/imports/Desktop/riscv_pipelined.sv:]
WARNING: [filemgmt 56-199] Attempt to get parsing info during refresh. "On-the-fly" syntax checking information may be incorrect. [/home/04-comp-arch-m/Downloads/ComputerArchitecture/lab3/lab2 but 3/src/top.v:]
CRITICAL WARNING: [HDL 9-1206] Syntax error near ')' [/home/04-comp-arch-m/Downloads/ComputerArchitecture/lab3/lab2 but 3/lab2.srcs/sources_1/imports/Desktop/riscv_pipelined.sv:174]
CRITICAL WARNING: [HDL 9-1206] Syntax error near ')' [/home/04-comp-arch-m/Downloads/ComputerArchitecture/lab3/lab2 but 3/lab2.srcs/sources_1/imports/Desktop/riscv_pipelined.sv:174]
CRITICAL WARNING: [HDL 9-1206] Syntax error near ')' [/home/04-comp-arch-m/Downloads/ComputerArchitecture/lab3/lab2 but 3/lab2.srcs/sources_1/imports/Desktop/riscv_pipelined.sv:174]
CRITICAL WARNING: [HDL 9-1206] Syntax error near ')' [/home/04-comp-arch-m/Downloads/ComputerArchitecture/lab3/lab2 but 3/lab2.srcs/sources_1/imports/Desktop/riscv_pipelined.sv:174]
WARNING: [filemgmt 56-199] Attempt to get parsing info during refresh. "On-the-fly" syntax checking information may be incorrect. [/home/04-comp-arch-m/Downloads/ComputerArchitecture/lab3/lab2 but 3/lab2.srcs/sources_1/imports/Desktop/riscv_pipelined.sv:]
WARNING: [filemgmt 56-199] Attempt to get parsing info during refresh. "On-the-fly" syntax checking information may be incorrect. [/home/04-comp-arch-m/Downloads/ComputerArchitecture/lab3/lab2 but 3/src/top.v:]
reset_run synth_1
launch_runs impl_1 -to_step write_bitstream -jobs 10
[Mon Apr 14 17:34:46 2025] Launched synth_1...
Run output will be captured here: /home/04-comp-arch-m/Downloads/ComputerArchitecture/lab3/lab2 but 3/lab2.runs/synth_1/runme.log
[Mon Apr 14 17:34:46 2025] Launched impl_1...
Run output will be captured here: /home/04-comp-arch-m/Downloads/ComputerArchitecture/lab3/lab2 but 3/lab2.runs/impl_1/runme.log
reset_run synth_1
source setup.tcl
# import_files -norecurse riscv_pipelined.sv
WARNING: [filemgmt 20-354] The following file(s) were not imported. Local copy of file(s) already exists:
/home/04-comp-arch-m/Desktop/riscv_pipelined.sv
Hint: use the '-force' option to overwrite the local copies.
# update_compile_order -fileset sources_1
# reset_run synth_1
# launch_runs impl_1 -to_step write_bitstream -jobs 5
[Mon Apr 14 17:35:03 2025] Launched synth_1...
Run output will be captured here: /home/04-comp-arch-m/Downloads/ComputerArchitecture/lab3/lab2 but 3/lab2.runs/synth_1/runme.log
[Mon Apr 14 17:35:03 2025] Launched impl_1...
Run output will be captured here: /home/04-comp-arch-m/Downloads/ComputerArchitecture/lab3/lab2 but 3/lab2.runs/impl_1/runme.log
open_run impl_1
INFO: [Device 21-403] Loading part xc7z020clg484-1
Netlist sorting complete. Time (s): cpu = 00:00:00.07 ; elapsed = 00:00:00.07 . Memory (MB): peak = 8583.824 ; gain = 0.000 ; free physical = 6467 ; free virtual = 11174
INFO: [Netlist 29-17] Analyzing 311 Unisim elements for replacement
INFO: [Netlist 29-28] Unisim Transformation completed in 0 CPU seconds
INFO: [Project 1-479] Netlist was created with Vivado 2023.2
INFO: [Project 1-570] Preparing netlist for logic optimization
Read ShapeDB Complete: Time (s): cpu = 00:00:00.01 ; elapsed = 00:00:00.02 . Memory (MB): peak = 8682.449 ; gain = 2.000 ; free physical = 6359 ; free virtual = 11067
INFO: [Timing 38-478] Restoring timing data from binary archive.
INFO: [Timing 38-479] Binary timing data restore complete.
INFO: [Project 1-856] Restoring constraints from binary archive.
INFO: [Project 1-853] Binary constraint restore complete.
INFO: [Designutils 20-5722] Start Reading Physical Databases.
Reading placement.
Read Netlist Cache: Time (s): cpu = 00:00:00 ; elapsed = 00:00:00 . Memory (MB): peak = 9272.352 ; gain = 0.000 ; free physical = 5828 ; free virtual = 10535
Reading placer database...
Read Device Cache: Time (s): cpu = 00:00:00.01 ; elapsed = 00:00:00 . Memory (MB): peak = 9272.352 ; gain = 0.000 ; free physical = 5828 ; free virtual = 10535
Read PlaceDB: Time (s): cpu = 00:00:00.16 ; elapsed = 00:00:00.16 . Memory (MB): peak = 9272.352 ; gain = 0.000 ; free physical = 5820 ; free virtual = 10527
Read PulsedLatchDB: Time (s): cpu = 00:00:00 ; elapsed = 00:00:00 . Memory (MB): peak = 9272.352 ; gain = 0.000 ; free physical = 5820 ; free virtual = 10527
Reading routing.
Read RouteStorage: Time (s): cpu = 00:00:00.06 ; elapsed = 00:00:00.06 . Memory (MB): peak = 9272.352 ; gain = 0.000 ; free physical = 5820 ; free virtual = 10527
Read Physdb Files: Time (s): cpu = 00:00:00.23 ; elapsed = 00:00:00.23 . Memory (MB): peak = 9272.352 ; gain = 0.000 ; free physical = 5820 ; free virtual = 10527
Restored from archive | CPU: 0.230000 secs | Memory: 9.283760 MB |
Finished XDEF File Restore: Time (s): cpu = 00:00:00.23 ; elapsed = 00:00:00.23 . Memory (MB): peak = 9272.352 ; gain = 0.000 ; free physical = 5820 ; free virtual = 10527
Netlist sorting complete. Time (s): cpu = 00:00:00 ; elapsed = 00:00:00 . Memory (MB): peak = 9272.352 ; gain = 0.000 ; free physical = 5820 ; free virtual = 10527
INFO: [Project 1-111] Unisim Transformation Summary:
  A total of 180 instances were transformed.
  CFGLUT5 => CFGLUT5 (SRL16E, SRLC32E): 112 instances
  RAM32M => RAM32M (RAMD32(x6), RAMS32(x2)): 68 instances

open_run: Time (s): cpu = 00:00:12 ; elapsed = 00:00:07 . Memory (MB): peak = 9667.969 ; gain = 1213.414 ; free physical = 5639 ; free virtual = 10387
WARNING: [Timing 38-436] There are set_bus_skew constraint(s) in this design. Please run report_bus_skew to ensure that bus skew requirements are met.
WARNING: [filemgmt 56-199] Attempt to get parsing info during refresh. "On-the-fly" syntax checking information may be incorrect. [/home/04-comp-arch-m/Downloads/ComputerArchitecture/lab3/lab2 but 3/lab2.srcs/sources_1/imports/Desktop/riscv_pipelined.sv:]
WARNING: [filemgmt 56-199] Attempt to get parsing info during refresh. "On-the-fly" syntax checking information may be incorrect. [/home/04-comp-arch-m/Downloads/ComputerArchitecture/lab3/lab2 but 3/src/top.v:]
WARNING: [filemgmt 56-199] Attempt to get parsing info during refresh. "On-the-fly" syntax checking information may be incorrect. [/home/04-comp-arch-m/Downloads/ComputerArchitecture/lab3/lab2 but 3/lab2.srcs/sources_1/imports/Desktop/riscv_pipelined.sv:]
WARNING: [filemgmt 56-199] Attempt to get parsing info during refresh. "On-the-fly" syntax checking information may be incorrect. [/home/04-comp-arch-m/Downloads/ComputerArchitecture/lab3/lab2 but 3/src/top.v:]
disconnect_hw_server localhost:3121
connect_hw_server -allow_non_jtag
INFO: [Labtools 27-2285] Connecting to hw_server url TCP:localhost:3121
INFO: [Labtools 27-3415] Connecting to cs_server url TCP:localhost:0
INFO: [Labtools 27-3417] Launching cs_server...
INFO: [Labtools 27-2221] Launch Output:


******** Xilinx cs_server v2023.2.0
  ****** Build date   : Oct 09 2023-23:01:56
    **** Build number : 2023.2.1696910516
      ** Copyright 2017-2022 Xilinx, Inc. All Rights Reserved.
      ** Copyright 2022-2025 Advanced Micro Devices, Inc. All Rights Reserved.



disconnect_hw_server localhost:3121
connect_hw_server -allow_non_jtag
INFO: [Labtools 27-2285] Connecting to hw_server url TCP:localhost:3121
INFO: [Labtools 27-3415] Connecting to cs_server url TCP:localhost:0
INFO: [Labtools 27-3417] Launching cs_server...
INFO: [Labtools 27-2221] Launch Output:


******** Xilinx cs_server v2023.2.0
  ****** Build date   : Oct 09 2023-23:01:56
    **** Build number : 2023.2.1696910516
      ** Copyright 2017-2022 Xilinx, Inc. All Rights Reserved.
      ** Copyright 2022-2025 Advanced Micro Devices, Inc. All Rights Reserved.



disconnect_hw_server localhost:3121
connect_hw_server -allow_non_jtag
INFO: [Labtools 27-2285] Connecting to hw_server url TCP:localhost:3121
INFO: [Labtools 27-3415] Connecting to cs_server url TCP:localhost:0
INFO: [Labtools 27-3417] Launching cs_server...
INFO: [Labtools 27-2221] Launch Output:


******** Xilinx cs_server v2023.2.0
  ****** Build date   : Oct 09 2023-23:01:56
    **** Build number : 2023.2.1696910516
      ** Copyright 2017-2022 Xilinx, Inc. All Rights Reserved.
      ** Copyright 2022-2025 Advanced Micro Devices, Inc. All Rights Reserved.



disconnect_hw_server localhost:3121
connect_hw_server -allow_non_jtag
INFO: [Labtools 27-2285] Connecting to hw_server url TCP:localhost:3121
INFO: [Labtools 27-3415] Connecting to cs_server url TCP:localhost:0
INFO: [Labtools 27-3417] Launching cs_server...
INFO: [Labtools 27-2221] Launch Output:


******** Xilinx cs_server v2023.2.0
  ****** Build date   : Oct 09 2023-23:01:56
    **** Build number : 2023.2.1696910516
      ** Copyright 2017-2022 Xilinx, Inc. All Rights Reserved.
      ** Copyright 2022-2025 Advanced Micro Devices, Inc. All Rights Reserved.



disconnect_hw_server localhost:3121
connect_hw_server -allow_non_jtag
INFO: [Labtools 27-2285] Connecting to hw_server url TCP:localhost:3121
INFO: [Labtools 27-3415] Connecting to cs_server url TCP:localhost:0
INFO: [Labtools 27-3417] Launching cs_server...
INFO: [Labtools 27-2221] Launch Output:


******** Xilinx cs_server v2023.2.0
  ****** Build date   : Oct 09 2023-23:01:56
    **** Build number : 2023.2.1696910516
      ** Copyright 2017-2022 Xilinx, Inc. All Rights Reserved.
      ** Copyright 2022-2025 Advanced Micro Devices, Inc. All Rights Reserved.



disconnect_hw_server localhost:3121
connect_hw_server -allow_non_jtag
INFO: [Labtools 27-2285] Connecting to hw_server url TCP:localhost:3121
INFO: [Labtools 27-3415] Connecting to cs_server url TCP:localhost:0
INFO: [Labtools 27-3417] Launching cs_server...
INFO: [Labtools 27-2221] Launch Output:


******** Xilinx cs_server v2023.2.0
  ****** Build date   : Oct 09 2023-23:01:56
    **** Build number : 2023.2.1696910516
      ** Copyright 2017-2022 Xilinx, Inc. All Rights Reserved.
      ** Copyright 2022-2025 Advanced Micro Devices, Inc. All Rights Reserved.



exit
INFO: [Common 17-206] Exiting Vivado at Mon Apr 14 17:41:39 2025...
