#-----------------------------------------------------------
# Vivado v2023.2 (64-bit)
# SW Build 4029153 on Fri Oct 13 20:13:54 MDT 2023
# IP Build 4028589 on Sat Oct 14 00:45:43 MDT 2023
# SharedData Build 4025554 on Tue Oct 10 17:18:54 MDT 2023
# Start of session at: Mon Apr 14 17:01:24 2025
# Process ID: 376036
# Current directory: /home/04-comp-arch-m/Downloads/ComputerArchitecture/lab3/hdl
# Command line: vivado
# Log file: /home/04-comp-arch-m/Downloads/ComputerArchitecture/lab3/hdl/vivado.log
# Journal file: /home/04-comp-arch-m/Downloads/ComputerArchitecture/lab3/hdl/vivado.jou
# Running On: ceat-endv350-04L, OS: Linux, CPU Frequency: 4460.393 MHz, CPU Physical cores: 14, Host memory: 16437 MB
#-----------------------------------------------------------
start_gui
open_project {/home/04-comp-arch-m/Downloads/ComputerArchitecture/lab3/lab2 but 3/lab2.xpr}
update_compile_order -fileset sources_1
open_hw_manager
connect_hw_server -allow_non_jtag
disconnect_hw_server localhost:3121
connect_hw_server -allow_non_jtag
pwd
cd ..
cd ..
cd ..
pwd
cd ..
cd Desktop
pwd
source setup.tcl
reset_run synth_1
disconnect_hw_server localhost:3121
connect_hw_server -allow_non_jtag
open_bd_design {/home/04-comp-arch-m/Downloads/ComputerArchitecture/lab3/lab2 but 3/lab2.srcs/sources_1/bd/design_1/design_1.bd}
source setup.tcl
source setup.tcl
disconnect_hw_server localhost:3121
connect_hw_server -allow_non_jtag
reset_run synth_1
launch_runs impl_1 -to_step write_bitstream -jobs 10
wait_on_run impl_1
reset_run synth_1
source setup.tcl
open_run impl_1
disconnect_hw_server localhost:3121
connect_hw_server -allow_non_jtag
disconnect_hw_server localhost:3121
connect_hw_server -allow_non_jtag
disconnect_hw_server localhost:3121
connect_hw_server -allow_non_jtag
disconnect_hw_server localhost:3121
connect_hw_server -allow_non_jtag
disconnect_hw_server localhost:3121
connect_hw_server -allow_non_jtag
disconnect_hw_server localhost:3121
connect_hw_server -allow_non_jtag
